// Vitest Snapshot v1

exports[`Step > rendrer slik den skal, med riktig heading basert pÃ¥ url parameter 1`] = `
<DocumentFragment>
  <div>
    <h3>
      Dette er steg 3
    </h3>
    <a
      href="/beregning"
    >
      GÃ¥ til Beregningen
    </a>
  </div>
</DocumentFragment>
`;
