// Vitest Snapshot v1, https://vitest.dev/guide/snapshot.html

exports[`store > returnerer store med riktig slices og default state 1`] = `
{
  "api": {
    "config": {
      "focused": true,
      "invalidationBehavior": "delayed",
      "keepUnusedDataFor": 3600,
      "middlewareRegistered": false,
      "online": true,
      "reducerPath": "api",
      "refetchOnFocus": false,
      "refetchOnMountOrArgChange": false,
      "refetchOnReconnect": false,
    },
    "mutations": {},
    "provided": {},
    "queries": {},
    "subscriptions": {},
  },
  "userInput": {
    "afp": null,
    "currentSimulation": {
      "aarligInntektFoerUttakBeloep": null,
      "beregningsvalg": null,
      "formatertUttaksalderReadOnly": null,
      "gradertUttaksperiode": null,
      "uttaksalder": null,
    },
    "epsHarInntektOver2G": null,
    "epsHarPensjon": null,
    "harUtenlandsopphold": null,
    "samtykke": null,
    "samtykkeOffentligAFP": null,
    "sivilstand": null,
    "utenlandsperioder": [],
    "veilederBorgerEncryptedFnr": undefined,
    "veilederBorgerFnr": undefined,
  },
}
`;
