// Vitest Snapshot v1, https://vitest.dev/guide/snapshot.html

exports[`stegvisning - Samtykke > rendrer slik den skal n√•r samtykket ikke er oppgitt 1`] = `
<DocumentFragment>
  <section
    class="_section_67454f _section__largePadding_67454f _section__marginBotton_67454f"
  >
    <form>
      <h2
        class="navds-heading navds-heading--medium navds-typo--spacing"
      >
        stegvisning.samtykke.title
      </h2>
      <p
        class="navds-body-long navds-body-long--large"
      >
        stegvisning.samtykke.ingress
      </p>
      <div
        class="navds-read-more navds-read-more--medium _readmore_5b4738"
      >
        <button
          aria-expanded="false"
          class="navds-read-more__button navds-body-short"
          data-testid="readmore"
          type="button"
        >
          <svg
            aria-hidden="true"
            class="navds-read-more__expand-icon"
            fill="none"
            focusable="false"
            height="1em"
            role="img"
            viewBox="0 0 24 24"
            width="1em"
            xmlns="http://www.w3.org/2000/svg"
          >
            <path
              clip-rule="evenodd"
              d="M5.97 9.47a.75.75 0 0 1 1.06 0L12 14.44l4.97-4.97a.75.75 0 1 1 1.06 1.06l-5.5 5.5a.75.75 0 0 1-1.06 0l-5.5-5.5a.75.75 0 0 1 0-1.06"
              fill="currentColor"
              fill-rule="evenodd"
            />
          </svg>
          <span>
            stegvisning.samtykke.readmore_title
          </span>
        </button>
        <div
          aria-hidden="true"
          class="navds-read-more__content navds-read-more__content--closed navds-body-long navds-body-long--medium"
        >
          stegvisning.samtykke.readmore_list_title
          <ul
            class="_list_5b4738"
          >
            <li>
              stegvisning.samtykke.readmore_list_item1
            </li>
            <li>
              stegvisning.samtykke.readmore_list_item2
            </li>
            <li>
              stegvisning.samtykke.readmore_list_item3
            </li>
          </ul>
          stegvisning.samtykke.readmore_ingress
        </div>
      </div>
      <fieldset
        aria-required="true"
        class="_radiogroup_5b4738 navds-radio-group navds-radio-group--medium navds-fieldset navds-fieldset--medium"
        role="radiogroup"
      >
        <legend
          class="navds-fieldset__legend navds-label"
        >
          stegvisning.samtykke.radio_label
        </legend>
        <div
          class="navds-radio-buttons"
        >
          <div
            class="navds-radio navds-radio--medium"
          >
            <input
              aria-labelledby="r4"
              class="navds-radio__input"
              id="radio-r3"
              name="samtykke"
              type="radio"
              value="ja"
            />
            <label
              class="navds-radio__label"
              for="radio-r3"
            >
              <span
                class="navds-radio__content"
              >
                <span
                  aria-hidden="true"
                  class="navds-body-short navds-body-short--medium"
                  id="r4"
                >
                  stegvisning.samtykke.radio_ja
                </span>
              </span>
            </label>
          </div>
          <div
            class="navds-radio navds-radio--medium"
          >
            <input
              aria-labelledby="r7"
              class="navds-radio__input"
              id="radio-r6"
              name="samtykke"
              type="radio"
              value="nei"
            />
            <label
              class="navds-radio__label"
              for="radio-r6"
            >
              <span
                class="navds-radio__content"
              >
                <span
                  aria-hidden="true"
                  class="navds-body-short navds-body-short--medium"
                  id="r7"
                >
                  stegvisning.samtykke.radio_nei
                </span>
              </span>
            </label>
          </div>
        </div>
        <div
          aria-live="polite"
          aria-relevant="additions removals"
          class="navds-fieldset__error"
          id="fieldset-error-r2"
        />
      </fieldset>
      <button
        class="_button_5b4738 navds-button navds-button--primary navds-button--medium"
        type="submit"
      >
        <span
          class="navds-label"
        >
          stegvisning.neste
        </span>
      </button>
      <button
        class="_button_5b4738 navds-button navds-button--secondary navds-button--medium"
        type="button"
      >
        <span
          class="navds-label"
        >
          stegvisning.tilbake
        </span>
      </button>
      <button
        class="_button_5b4738 navds-button navds-button--tertiary navds-button--medium"
        type="button"
      >
        <span
          class="navds-label"
        >
          stegvisning.avbryt
        </span>
      </button>
    </form>
  </section>
</DocumentFragment>
`;
