// Vitest Snapshot v1

exports[`Step 2 > rendrer slik den skal 1`] = `
<DocumentFragment>
  <section
    class="_section_6c2224"
  >
    <h2
      class="navds-heading navds-heading--large navds-typo--spacing"
    >
      stegvisning.steg2.title
    </h2>
    <p
      class="navds-body-long navds-typo--spacing"
    >
      stegvisning.steg2.ingress_1
    </p>
    <p
      class="navds-body-long"
    >
      stegvisning.steg2.ingress_2
    </p>
    <button
      class="_button_6c2224 navds-button navds-button--primary navds-button--medium"
    >
      <span
        aria-live="polite"
        class="navds-label"
      >
        stegvisning.neste
      </span>
    </button>
    <button
      class="_button_6c2224 navds-button navds-button--secondary navds-button--medium"
    >
      <span
        aria-live="polite"
        class="navds-label"
      >
        stegvisning.tilbake
      </span>
    </button>
    <button
      class="navds-button navds-button--tertiary navds-button--medium"
    >
      <span
        aria-live="polite"
        class="navds-label"
      >
        stegvisning.avbryt
      </span>
    </button>
  </section>
</DocumentFragment>
`;
