// Vitest Snapshot v1

exports[`Grafvisning > rendrer som forventet 1`] = `
<DocumentFragment>
  <section>
    <div
      data-highcharts-chart="0"
      style="overflow: visible;"
    >
      <div
        class="highcharts-scrolling-parent"
        style="position: relative;"
      >
        <div
          class="highcharts-fixed"
          dir="ltr"
          style="padding: 0px; margin: 0px; position: absolute; overflow: hidden; pointer-events: none; z-index: 2; top: 0px;"
        >
          <svg
            class="highcharts-root"
            height="400"
            style="font-family: Helvetica, Arial, sans-serif; font-size: 1rem;"
            version="1.1"
            viewBox="0 0 600 400"
            width="600"
            xmlns="http://www.w3.org/2000/svg"
          >
            <desc>
              Created with Highcharts 11.1.0
            </desc>
            <defs />
            <path
              class="highcharts-scrollable-mask"
              d="M 0 0"
              data-z-index="-1"
              fill="#ffffff"
              fill-opacity="0.85"
            />
            <g
              class="highcharts-legend highcharts-no-tooltip"
              data-z-index="7"
              style="pointer-events: auto;"
              transform="translate(0,-25)"
            >
              <rect
                class="highcharts-legend-box"
                fill="none"
                filter="none"
                height="19"
                rx="0"
                ry="0"
                stroke="#999999"
                stroke-width="0"
                width="84"
                x="0"
                y="0"
              />
              <g
                data-z-index="1"
              >
                <g>
                  <g
                    class="highcharts-legend-item highcharts-column-series highcharts-color-undefined highcharts-series-0"
                    data-z-index="1"
                    transform="translate(0,-5)"
                  >
                    <rect
                      class="highcharts-point"
                      data-z-index="3"
                      fill="#868F9C"
                      height="14"
                      rx="7"
                      ry="7"
                      width="14"
                      x="1"
                      y="6"
                    />
                  </g>
                  <g
                    class="highcharts-legend-item highcharts-column-series highcharts-color-undefined highcharts-series-1"
                    data-z-index="1"
                    transform="translate(21,-5)"
                  >
                    <rect
                      class="highcharts-point"
                      data-z-index="3"
                      fill="var(--a-purple-400)"
                      height="14"
                      rx="7"
                      ry="7"
                      width="14"
                      x="1"
                      y="6"
                    />
                  </g>
                  <g
                    class="highcharts-legend-item highcharts-column-series highcharts-color-undefined highcharts-series-2"
                    data-z-index="1"
                    transform="translate(42,-5)"
                  >
                    <rect
                      class="highcharts-point"
                      data-z-index="3"
                      fill="var(--a-deepblue-500)"
                      height="14"
                      rx="7"
                      ry="7"
                      width="14"
                      x="1"
                      y="6"
                    />
                  </g>
                  <g
                    class="highcharts-legend-item highcharts-column-series highcharts-color-undefined highcharts-series-3"
                    data-z-index="1"
                    transform="translate(63,-5)"
                  >
                    <rect
                      class="highcharts-point"
                      data-z-index="3"
                      fill="var(--a-green-400)"
                      height="14"
                      rx="7"
                      ry="7"
                      width="14"
                      x="1"
                      y="6"
                    />
                  </g>
                </g>
              </g>
            </g>
            <text
              class="highcharts-subtitle"
              data-z-index="4"
              style="color: rgb(102, 102, 102); font-size: 0.8em; fill: #666666; pointer-events: auto;"
              text-anchor="middle"
              x="288"
              y="0"
            />
            <text
              class="highcharts-title"
              data-z-index="4"
              style="font-size: 20px; color: rgb(51, 51, 51); font-weight: bold; font-family: var(--a-font-family); fill: #333333; pointer-events: auto;"
              text-anchor="start"
              x="0"
              y="20"
            >
              Beregning
            </text>
          </svg>
          <div
            class="highcharts-legend highcharts-no-tooltip"
            style="position: absolute; left: 0px; top: -25px; opacity: 1; visibility: inherit; pointer-events: auto;"
          >
            <div
              style="position: absolute; left: 0px; top: 0px; opacity: 1;"
            >
              <div
                style="position: absolute; left: 0px; top: 0px; opacity: 1;"
              >
                <div
                  class="highcharts-legend-item highcharts-column-series highcharts-color-undefined highcharts-series-0"
                  style="position: absolute; left: 0px; top: -5px; opacity: 1;"
                >
                  <span
                    data-z-index="2"
                    style="position: absolute; font-family: var(--a-font-family); font-size: 14px; white-space: nowrap; color: rgb(0, 0, 0); cursor: default; text-decoration: none; text-overflow: ellipsis; font-weight: regular; z-index: 0; overflow: hidden; margin-left: 0px; margin-top: 0px; left: 21px; top: 5px; z-index: 0;"
                  >
                    Inntekt (l√∏nn m.m.)
                  </span>
                </div>
                <div
                  class="highcharts-legend-item highcharts-column-series highcharts-color-undefined highcharts-series-1"
                  style="position: absolute; left: 21px; top: -5px; opacity: 1;"
                >
                  <span
                    data-z-index="2"
                    style="position: absolute; font-family: var(--a-font-family); font-size: 14px; white-space: nowrap; color: rgb(0, 0, 0); cursor: default; text-decoration: none; text-overflow: ellipsis; font-weight: regular; z-index: 0; overflow: hidden; margin-left: 0px; margin-top: 0px; left: 21px; top: 5px; z-index: 0;"
                  >
                    Avtalefestet pensjon (AFP)
                  </span>
                </div>
                <div
                  class="highcharts-legend-item highcharts-column-series highcharts-color-undefined highcharts-series-2"
                  style="position: absolute; left: 42px; top: -5px; opacity: 1;"
                >
                  <span
                    data-z-index="2"
                    style="position: absolute; font-family: var(--a-font-family); font-size: 14px; white-space: nowrap; color: rgb(0, 0, 0); cursor: default; text-decoration: none; text-overflow: ellipsis; font-weight: regular; z-index: 0; overflow: hidden; margin-left: 0px; margin-top: 0px; left: 21px; top: 5px; z-index: 0;"
                  >
                    Alderspensjon (NAV)
                  </span>
                </div>
                <div
                  class="highcharts-legend-item highcharts-column-series highcharts-color-undefined highcharts-series-3"
                  style="position: absolute; left: 63px; top: -5px; opacity: 1;"
                >
                  <span
                    data-z-index="2"
                    style="position: absolute; font-family: var(--a-font-family); font-size: 14px; white-space: nowrap; color: rgb(0, 0, 0); cursor: default; text-decoration: none; text-overflow: ellipsis; font-weight: regular; z-index: 0; overflow: hidden; margin-left: 0px; margin-top: 0px; left: 21px; top: 5px; z-index: 0;"
                  >
                    Pensjonsavtaler (arbeidsgiver)
                  </span>
                </div>
              </div>
            </div>
          </div>
        </div>
        <div
          class="highcharts-scrolling"
          style="overflow-x: auto; overflow-y: hidden; height: 400px;"
        >
          <div
            class="highcharts-inner-container"
          >
            <div
              class="highcharts-container "
              dir="ltr"
              id="highcharts-0"
              style="position: relative; overflow: hidden; width: 600px; height: 400px; text-align: left; line-height: normal; z-index: 0; user-select: none; outline: none;"
            >
              <svg
                aria-label="Beregning"
                class="highcharts-root"
                height="400"
                role="img"
                style="font-family: Helvetica, Arial, sans-serif; font-size: 1rem;"
                version="1.1"
                viewBox="0 0 600 400"
                width="600"
                xmlns="http://www.w3.org/2000/svg"
              >
                <desc>
                  Created with Highcharts 11.1.0
                </desc>
                <defs>
                  <filter
                    id="highcharts-drop-shadow-0"
                  >
                    <fedropshadow
                      dx="1"
                      dy="1"
                      flood-color="#000000"
                      flood-opacity="0.75"
                      stdDeviation="2.5"
                    />
                  </filter>
                  <clippath
                    id="highcharts-1-"
                  >
                    <rect
                      fill="none"
                      height="NaN"
                      width="NaN"
                      x="0"
                      y="0"
                    />
                  </clippath>
                  <clippath
                    id="highcharts-5-"
                  >
                    <rect
                      fill="none"
                      height="NaNNaNNaNNaN"
                      width="NaNNaNNaNNaN"
                      x="0"
                      y="0"
                    />
                  </clippath>
                </defs>
                <rect
                  class="highcharts-background"
                  fill="#ffffff"
                  filter="none"
                  height="400"
                  rx="0"
                  ry="0"
                  width="600"
                  x="0"
                  y="0"
                />
                <rect
                  class="highcharts-plot-background"
                  fill="none"
                  filter="none"
                  height="NaN"
                  width="NaN"
                  x="NaN"
                  y="0"
                />
                <rect
                  class="highcharts-plot-border"
                  data-z-index="1"
                  fill="none"
                  height="385"
                  stroke="#cccccc"
                  stroke-width="0"
                  width="725"
                  x="0"
                  y="0"
                />
                <g
                  class="highcharts-grid highcharts-xaxis-grid"
                  data-z-index="1"
                >
                  <path
                    class="highcharts-grid-line"
                    d="M 0 0"
                    data-z-index="1"
                    fill="none"
                    opacity="1"
                    stroke="#e6e6e6"
                    stroke-dasharray="none"
                    stroke-width="0"
                  />
                  <path
                    class="highcharts-grid-line"
                    d="M 0 0"
                    data-z-index="1"
                    fill="none"
                    opacity="1"
                    stroke="#e6e6e6"
                    stroke-dasharray="none"
                    stroke-width="0"
                  />
                  <path
                    class="highcharts-grid-line"
                    d="M 0 0"
                    data-z-index="1"
                    fill="none"
                    opacity="1"
                    stroke="#e6e6e6"
                    stroke-dasharray="none"
                    stroke-width="0"
                  />
                  <path
                    class="highcharts-grid-line"
                    d="M 0 0"
                    data-z-index="1"
                    fill="none"
                    opacity="1"
                    stroke="#e6e6e6"
                    stroke-dasharray="none"
                    stroke-width="0"
                  />
                </g>
                <g
                  class="highcharts-grid highcharts-yaxis-grid"
                  data-z-index="1"
                >
                  <path
                    class="highcharts-grid-line"
                    d="M 0 0"
                    data-z-index="1"
                    fill="none"
                    opacity="1"
                    stroke="#e6e6e6"
                    stroke-dasharray="4,3"
                    stroke-width="1"
                  />
                  <path
                    class="highcharts-grid-line"
                    d="M 0 0"
                    data-z-index="1"
                    fill="none"
                    opacity="1"
                    stroke="#e6e6e6"
                    stroke-dasharray="4,3"
                    stroke-width="1"
                  />
                  <path
                    class="highcharts-grid-line"
                    d="M 0 0"
                    data-z-index="1"
                    fill="none"
                    opacity="1"
                    stroke="#e6e6e6"
                    stroke-dasharray="4,3"
                    stroke-width="1"
                  />
                </g>
                <g
                  class="highcharts-axis highcharts-xaxis"
                  data-z-index="2"
                >
                  <path
                    class="highcharts-axis-line"
                    d="M 0 0"
                    data-z-index="7"
                    fill="none"
                    stroke="#333333"
                    stroke-width="1"
                  />
                </g>
                <g
                  class="highcharts-axis highcharts-yaxis"
                  data-z-index="2"
                >
                  <text
                    class="highcharts-axis-title"
                    data-z-index="7"
                    style="color: rgb(102, 102, 102); font-size: 0.8em; fill: #666666;"
                    text-anchor="end"
                    transform="translate(0,0)"
                    x="NaN"
                    y="24"
                  >
                    Tusen kroner
                  </text>
                  <path
                    class="highcharts-axis-line"
                    d="M 0 0"
                    data-z-index="7"
                    fill="none"
                    stroke="#333333"
                    stroke-width="0"
                  />
                </g>
                <g
                  class="highcharts-series-group"
                  data-z-index="3"
                  filter="none"
                >
                  <g
                    class="highcharts-series highcharts-series-0 highcharts-column-series highcharts-tracker"
                    clip-path="url(#highcharts-5-)"
                    data-z-index="0.1"
                    opacity="1"
                    transform="translate(NaN,44) scale(1 0.001)"
                  />
                  <g
                    class="highcharts-markers highcharts-series-0 highcharts-column-series"
                    clip-path="none"
                    data-z-index="0.1"
                    opacity="1"
                    transform="translate(NaN,44) scale(1 1)"
                  />
                  <g
                    class="highcharts-series highcharts-series-1 highcharts-column-series highcharts-tracker"
                    clip-path="url(#highcharts-5-)"
                    data-z-index="0.1"
                    opacity="1"
                    transform="translate(NaN,44) scale(1 0.001)"
                  />
                  <g
                    class="highcharts-markers highcharts-series-1 highcharts-column-series"
                    clip-path="none"
                    data-z-index="0.1"
                    opacity="1"
                    transform="translate(NaN,44) scale(1 1)"
                  />
                  <g
                    class="highcharts-series highcharts-series-2 highcharts-column-series highcharts-tracker"
                    clip-path="url(#highcharts-5-)"
                    data-z-index="0.1"
                    opacity="1"
                    transform="translate(NaN,44) scale(1 0.001)"
                  />
                  <g
                    class="highcharts-markers highcharts-series-2 highcharts-column-series"
                    clip-path="none"
                    data-z-index="0.1"
                    opacity="1"
                    transform="translate(NaN,44) scale(1 1)"
                  />
                  <g
                    class="highcharts-series highcharts-series-3 highcharts-column-series highcharts-tracker"
                    clip-path="url(#highcharts-5-)"
                    data-z-index="0.1"
                    opacity="1"
                    transform="translate(NaN,44) scale(1 0.001)"
                  />
                  <g
                    class="highcharts-markers highcharts-series-3 highcharts-column-series"
                    clip-path="none"
                    data-z-index="0.1"
                    opacity="1"
                    transform="translate(NaN,44) scale(1 1)"
                  />
                </g>
                <text
                  class="highcharts-caption"
                  data-z-index="4"
                  style="color: rgb(102, 102, 102); font-size: 0.8em; fill: #666666;"
                  text-anchor="start"
                  x="0"
                  y="387"
                />
                <g
                  class="highcharts-axis-labels highcharts-xaxis-labels"
                  data-z-index="7"
                >
                  <text
                    style="color: rgb(51, 51, 51); cursor: default; font-size: 0.8em; fill: #333333;"
                    text-anchor="middle"
                    transform="translate(0,0)"
                    x="0"
                  >
                    62
                  </text>
                  <text
                    style="color: rgb(51, 51, 51); cursor: default; font-size: 0.8em; fill: #333333;"
                    text-anchor="middle"
                    transform="translate(0,0)"
                    x="0"
                  >
                    63
                  </text>
                  <text
                    style="color: rgb(51, 51, 51); cursor: default; font-size: 0.8em; fill: #333333;"
                    text-anchor="middle"
                    transform="translate(0,0)"
                    x="0"
                  >
                    64
                  </text>
                </g>
                <g
                  class="highcharts-axis-labels highcharts-yaxis-labels"
                  data-z-index="7"
                >
                  <text
                    style="color: rgb(51, 51, 51); cursor: default; font-size: 0.8em; fill: #333333;"
                    text-anchor="end"
                    transform="translate(0,0)"
                    x="0"
                  >
                    0
                  </text>
                  <text
                    style="color: rgb(51, 51, 51); cursor: default; font-size: 0.8em; fill: #333333;"
                    text-anchor="end"
                    transform="translate(0,0)"
                    x="0"
                  >
                    200
                  </text>
                  <text
                    style="color: rgb(51, 51, 51); cursor: default; font-size: 0.8em; fill: #333333;"
                    text-anchor="end"
                    transform="translate(0,0)"
                    x="0"
                  >
                    400
                  </text>
                </g>
              </svg>
            </div>
          </div>
        </div>
      </div>
    </div>
    <div
      class="_buttons_e19f10"
    >
      <div
        class="_hidden_e19f10"
      >
        <button
          class="navds-button navds-button--tertiary navds-button--xsmall"
        >
          <span
            class="navds-button__icon"
          >
            <svg
              aria-hidden="true"
              fill="none"
              focusable="false"
              height="1em"
              role="img"
              viewBox="0 0 24 24"
              width="1em"
              xmlns="http://www.w3.org/2000/svg"
            >
              <path
                clip-rule="evenodd"
                d="M12 21.25a9.25 9.25 0 1 0 0-18.5 9.25 9.25 0 0 0 0 18.5ZM22.75 12c0 5.937-4.813 10.75-10.75 10.75S1.25 17.937 1.25 12 6.063 1.25 12 1.25 22.75 6.063 22.75 12Z"
                fill="currentColor"
                fill-rule="evenodd"
              />
              <path
                clip-rule="evenodd"
                d="m8.44 12 4.53-4.53 1.06 1.06L10.56 12l3.47 3.47-1.06 1.06L8.44 12Z"
                fill="currentColor"
                fill-rule="evenodd"
              />
            </svg>
          </span>
          <span
            aria-live="polite"
            class="navds-label navds-label--small"
          >
            Vis f√¶rre √•r
          </span>
        </button>
      </div>
      <div
        class="_rightAligned_e19f10 _hidden_e19f10"
      >
        <button
          class="navds-button navds-button--tertiary navds-button--xsmall"
        >
          <span
            aria-live="polite"
            class="navds-label navds-label--small"
          >
            Vis flere √•r
          </span>
          <span
            class="navds-button__icon"
          >
            <svg
              aria-hidden="true"
              fill="none"
              focusable="false"
              height="1em"
              role="img"
              viewBox="0 0 24 24"
              width="1em"
              xmlns="http://www.w3.org/2000/svg"
            >
              <path
                clip-rule="evenodd"
                d="M12 2.75a9.25 9.25 0 1 0 0 18.5 9.25 9.25 0 0 0 0-18.5ZM1.25 12C1.25 6.063 6.063 1.25 12 1.25S22.75 6.063 22.75 12 17.937 22.75 12 22.75 1.25 17.937 1.25 12Z"
                fill="currentColor"
                fill-rule="evenodd"
              />
              <path
                clip-rule="evenodd"
                d="m15.56 12-4.53 4.53-1.06-1.06L13.44 12 9.97 8.53l1.06-1.06L15.56 12Z"
                fill="currentColor"
                fill-rule="evenodd"
              />
            </svg>
          </span>
        </button>
      </div>
    </div>
  </section>
</DocumentFragment>
`;
