// Vitest Snapshot v1

exports[`ErrorBoundary > rendrer feilmelding når det kastes en feil i children 1`] = `
<DocumentFragment>
  <div
    class="_ErrorBoundary_d8d1dc"
  >
    <div
      class="navds-alert navds-alert--error navds-alert--medium"
    >
      <svg
        aria-labelledby="title-r1"
        class="navds-alert__icon"
        fill="none"
        focusable="false"
        height="1em"
        role="img"
        viewBox="0 0 24 24"
        width="1em"
        xmlns="http://www.w3.org/2000/svg"
      >
        <title
          id="title-r1"
        >
          Feil
        </title>
        <path
          clip-rule="evenodd"
          d="M12 0c6.627 0 12 5.373 12 12s-5.373 12-12 12S0 18.627 0 12 5.373 0 12 0Zm3.571 7L17 8.429 13.428 12 17 15.571 15.571 17 12 13.428 8.429 17 7 15.571 10.572 12 7 8.429 8.429 7 12 10.572 15.571 7Z"
          fill="currentColor"
          fill-rule="evenodd"
        />
      </svg>
      <div
        class="navds-alert__wrapper navds-body-long"
      >
        <h1
          class="navds-heading navds-heading--small navds-typo--spacing"
        >
          Oisann!
        </h1>
        Det har oppstått en feil. Prøv igjen senere.
      </div>
    </div>
  </div>
</DocumentFragment>
`;
