// Vitest Snapshot v1, https://vitest.dev/guide/snapshot.html

exports[`VeilederInput > Gitt at brukeren besøker en side som er ekskludert > Når brukeren klikker på tittelen 1`] = `
<DocumentFragment>
  <div>
    <header
      class="navds-internalheader"
      data-theme="dark"
    >
      <a
        class="navds-internalheader__title navds-body-short"
      >
        <span>
          Pensjonskalkulator
        </span>
      </a>
      <span
        class="navds-stack__spacer"
      />
      <div
        class="navds-internalheader__user"
      >
        <span>
          <div
            class="navds-body-short navds-body-short--small"
          >
            ABC123
          </div>
        </span>
      </div>
    </header>
  </div>
</DocumentFragment>
`;

exports[`VeilederInput > Gitt at veilederen besøker en side som er ekskludert > Når veilederen klikker på tittelen, vises det ansattid med vanlig side under 1`] = `
<DocumentFragment>
  <div>
    <header
      class="navds-internalheader"
      data-theme="dark"
    >
      <a
        class="navds-internalheader__title navds-body-short"
      >
        <span>
          Pensjonskalkulator
        </span>
      </a>
      <span
        class="navds-stack__spacer"
      />
      <div
        class="navds-internalheader__user"
      >
        <span>
          <div
            class="navds-body-short navds-body-short--small"
          >
            ABC123
          </div>
        </span>
      </div>
    </header>
  </div>
</DocumentFragment>
`;
