// Vitest Snapshot v1, https://vitest.dev/guide/snapshot.html

exports[`TabellVisning-utils > formatSeriesToTableData > returnerer et array med riktig struktur og detaljer når begge arrayeme haer data 1`] = `
[
  {
    "alder": "62 år",
    "detaljer": [
      {
        "name": "Pensjonsgivende inntekt",
        "subSum": 100000,
      },
      {
        "name": "AFP (Avtalefestet pensjon)",
        "subSum": 150000,
      },
      {
        "name": "Pensjonsavtaler (arbeidsgivere m.m.)",
        "subSum": 180000,
      },
      {
        "name": "Alderspensjon (NAV)",
        "subSum": 200000,
      },
    ],
    "sum": 630000,
  },
  {
    "alder": "63 år",
    "detaljer": [
      {
        "name": "Pensjonsgivende inntekt",
        "subSum": 175000,
      },
      {
        "name": "AFP (Avtalefestet pensjon)",
        "subSum": 200000,
      },
      {
        "name": "Pensjonsavtaler (arbeidsgivere m.m.)",
        "subSum": 250000,
      },
      {
        "name": "Alderspensjon (NAV)",
        "subSum": 350000,
      },
    ],
    "sum": 975000,
  },
  {
    "alder": "64 år",
    "detaljer": [
      {
        "name": "Pensjonsgivende inntekt",
        "subSum": 220000,
      },
      {
        "name": "AFP (Avtalefestet pensjon)",
        "subSum": 350000,
      },
      {
        "name": "Pensjonsavtaler (arbeidsgivere m.m.)",
        "subSum": 380000,
      },
      {
        "name": "Alderspensjon (NAV)",
        "subSum": 400000,
      },
    ],
    "sum": 1350000,
  },
  {
    "alder": "65 år",
    "detaljer": [
      {
        "name": "Pensjonsgivende inntekt",
        "subSum": 220000,
      },
      {
        "name": "AFP (Avtalefestet pensjon)",
        "subSum": 350000,
      },
      {
        "name": "Pensjonsavtaler (arbeidsgivere m.m.)",
        "subSum": 380000,
      },
      {
        "name": "Alderspensjon (NAV)",
        "subSum": 400000,
      },
    ],
    "sum": 1350000,
  },
  {
    "alder": "66 år",
    "detaljer": [
      {
        "name": "Pensjonsgivende inntekt",
        "subSum": 220000,
      },
      {
        "name": "AFP (Avtalefestet pensjon)",
        "subSum": 350000,
      },
      {
        "name": "Pensjonsavtaler (arbeidsgivere m.m.)",
        "subSum": 380000,
      },
      {
        "name": "Alderspensjon (NAV)",
        "subSum": 400000,
      },
    ],
    "sum": 1350000,
  },
  {
    "alder": "67 år",
    "detaljer": [
      {
        "name": "Pensjonsgivende inntekt",
        "subSum": 220000,
      },
      {
        "name": "AFP (Avtalefestet pensjon)",
        "subSum": 350000,
      },
      {
        "name": "Pensjonsavtaler (arbeidsgivere m.m.)",
        "subSum": 380000,
      },
      {
        "name": "Alderspensjon (NAV)",
        "subSum": 400000,
      },
    ],
    "sum": 1350000,
  },
  {
    "alder": "68 år",
    "detaljer": [
      {
        "name": "Pensjonsgivende inntekt",
        "subSum": 220000,
      },
      {
        "name": "AFP (Avtalefestet pensjon)",
        "subSum": 350000,
      },
      {
        "name": "Pensjonsavtaler (arbeidsgivere m.m.)",
        "subSum": 380000,
      },
      {
        "name": "Alderspensjon (NAV)",
        "subSum": 400000,
      },
    ],
    "sum": 1350000,
  },
  {
    "alder": "68 år",
    "detaljer": [
      {
        "name": "Pensjonsgivende inntekt",
        "subSum": 220000,
      },
      {
        "name": "AFP (Avtalefestet pensjon)",
        "subSum": 350000,
      },
      {
        "name": "Pensjonsavtaler (arbeidsgivere m.m.)",
        "subSum": 380000,
      },
      {
        "name": "Alderspensjon (NAV)",
        "subSum": 400000,
      },
    ],
    "sum": 1350000,
  },
  {
    "alder": "70+ år (livsvarig)",
    "detaljer": [
      {
        "name": "Pensjonsgivende inntekt",
        "subSum": 220000,
      },
      {
        "name": "AFP (Avtalefestet pensjon)",
        "subSum": 350000,
      },
      {
        "name": "Pensjonsavtaler (arbeidsgivere m.m.)",
        "subSum": 380000,
      },
      {
        "name": "Alderspensjon (NAV)",
        "subSum": 400000,
      },
    ],
    "sum": 1350000,
  },
]
`;

exports[`TabellVisning-utils > formatSeriesToTableData > returnerer et array med riktig struktur og headere når alder array ikke er tomt 1`] = `
[
  {
    "alder": "62 år",
    "detaljer": [],
    "sum": 0,
  },
  {
    "alder": "63 år",
    "detaljer": [],
    "sum": 0,
  },
  {
    "alder": "64 år",
    "detaljer": [],
    "sum": 0,
  },
  {
    "alder": "65 år",
    "detaljer": [],
    "sum": 0,
  },
  {
    "alder": "66 år",
    "detaljer": [],
    "sum": 0,
  },
  {
    "alder": "67 år",
    "detaljer": [],
    "sum": 0,
  },
  {
    "alder": "68 år",
    "detaljer": [],
    "sum": 0,
  },
  {
    "alder": "68 år",
    "detaljer": [],
    "sum": 0,
  },
  {
    "alder": "70+ år (livsvarig)",
    "detaljer": [],
    "sum": 0,
  },
]
`;
