// Vitest Snapshot v1

exports[`Step 1 > render ingenting nÃ¥r henting av personopplysninger feiler 1`] = `<DocumentFragment />`;
