// Vitest Snapshot v1, https://vitest.dev/guide/snapshot.html

exports[`GrunnlagForbehold > rendrer riktig 1`] = `
<DocumentFragment>
  <section
    class="_section_1598cd"
  >
    <h2
      class="_heading_1598cd navds-heading navds-heading--medium"
    >
      grunnlag.forbehold.title
    </h2>
    <p
      class="_text_1598cd navds-body-long navds-body-long--medium"
    >
      grunnlag.forbehold.ingress_1
      <a
        class="navds-link navds-link--action navds-link--inline-text"
        href="/forbehold"
        target="_blank"
      >
        grunnlag.forbehold.link
        <svg
          aria-labelledby="title-r0"
          fill="none"
          focusable="false"
          height="1.25rem"
          role="img"
          viewBox="0 0 24 24"
          width="1.25rem"
          xmlns="http://www.w3.org/2000/svg"
        >
          <title
            id="title-r0"
          >
            application.global.external_link
          </title>
          <path
            clip-rule="evenodd"
            d="M20.532 3.471A.748.748 0 0 1 20.75 4v7.5a.75.75 0 0 1-1.5 0V5.81l-8.72 8.72a.75.75 0 1 1-1.06-1.06l8.72-8.72H12.5a.75.75 0 0 1 0-1.5H20c.206 0 .393.083.529.218l.001.002.002.001ZM4.75 9A.25.25 0 0 1 5 8.75h7a.75.75 0 0 0 0-1.5H5A1.75 1.75 0 0 0 3.25 9v10c0 .966.784 1.75 1.75 1.75h10A1.75 1.75 0 0 0 16.75 19v-7a.75.75 0 0 0-1.5 0v7a.25.25 0 0 1-.25.25H5a.25.25 0 0 1-.25-.25V9Z"
            fill="currentColor"
            fill-rule="evenodd"
          />
        </svg>
      </a>
      <br />
      <br />
      Denne kalkulatoren er under utvikling og har begrenset funksjonalitet. Du kan gj√∏re mer spesifisert beregning i 
      <a
        class="navds-link navds-link--action navds-link--inline-text"
        href="https://www.nav.no/pselv/simulering.jsf"
        target="_blank"
      >
        detaljert kalkulator
        <svg
          aria-labelledby="title-r1"
          fill="none"
          focusable="false"
          height="1.25rem"
          role="img"
          viewBox="0 0 24 24"
          width="1.25rem"
          xmlns="http://www.w3.org/2000/svg"
        >
          <title
            id="title-r1"
          >
            application.global.external_link
          </title>
          <path
            clip-rule="evenodd"
            d="M20.532 3.471A.748.748 0 0 1 20.75 4v7.5a.75.75 0 0 1-1.5 0V5.81l-8.72 8.72a.75.75 0 1 1-1.06-1.06l8.72-8.72H12.5a.75.75 0 0 1 0-1.5H20c.206 0 .393.083.529.218l.001.002.002.001ZM4.75 9A.25.25 0 0 1 5 8.75h7a.75.75 0 0 0 0-1.5H5A1.75 1.75 0 0 0 3.25 9v10c0 .966.784 1.75 1.75 1.75h10A1.75 1.75 0 0 0 16.75 19v-7a.75.75 0 0 0-1.5 0v7a.25.25 0 0 1-.25.25H5a.25.25 0 0 1-.25-.25V9Z"
            fill="currentColor"
            fill-rule="evenodd"
          />
        </svg>
      </a>
    </p>
  </section>
</DocumentFragment>
`;
