// Vitest Snapshot v1, https://vitest.dev/guide/snapshot.html

exports[`stegvisning - SamtykkeOffentligAFP > rendrer slik den skal når samtykket ikke er oppgitt 1`] = `
<DocumentFragment>
  <section
    class="_section_67454f _section__largePadding_67454f _section__marginBotton_67454f"
  >
    <form>
      <h2
        class="navds-heading navds-heading--medium navds-typo--spacing"
      >
        stegvisning.samtykke_offentlig_afp.title
      </h2>
      <p
        class="navds-body-long navds-body-long--large"
      >
        Tjenestepensjonsordningen din har ansvar for AFP i offentlig sektor. De vil gjøre den endelige AFP-beregningen når du søker om AFP. Kontakt dem hvis du har spørsmål.
        <br />
        <br />
        NAV kan gi deg en foreløpig beregning på AFP i denne kalkulatoren. NAV vurderer ikke om du fyller vilkårene for å få AFP. 
      </p>
      <fieldset
        aria-required="true"
        class="_radiogroup_498929 navds-radio-group navds-radio-group--medium navds-fieldset navds-fieldset--medium"
        role="radiogroup"
      >
        <legend
          class="navds-fieldset__legend navds-label"
        >
          stegvisning.samtykke_offentlig_afp.radio_label
        </legend>
        <div
          class="navds-fieldset__description navds-body-short navds-body-short--medium"
          id="fieldset-description-r1"
        >
          stegvisning.samtykke_offentlig_afp.radio_description
        </div>
        <div
          class="navds-radio-buttons"
        >
          <div
            class="navds-radio navds-radio--medium"
          >
            <input
              aria-labelledby="r3"
              class="navds-radio__input"
              id="radio-r2"
              name="samtykke-offentlig-afp"
              type="radio"
              value="ja"
            />
            <label
              class="navds-radio__label"
              for="radio-r2"
            >
              <span
                class="navds-radio__content"
              >
                <span
                  aria-hidden="true"
                  class="navds-body-short navds-body-short--medium"
                  id="r3"
                >
                  stegvisning.samtykke_offentlig_afp.radio_ja
                </span>
              </span>
            </label>
          </div>
          <div
            class="navds-radio navds-radio--medium"
          >
            <input
              aria-labelledby="r6"
              class="navds-radio__input"
              id="radio-r5"
              name="samtykke-offentlig-afp"
              type="radio"
              value="nei"
            />
            <label
              class="navds-radio__label"
              for="radio-r5"
            >
              <span
                class="navds-radio__content"
              >
                <span
                  aria-hidden="true"
                  class="navds-body-short navds-body-short--medium"
                  id="r6"
                >
                  stegvisning.samtykke_offentlig_afp.radio_nei
                </span>
              </span>
            </label>
          </div>
        </div>
        <div
          aria-live="polite"
          aria-relevant="additions removals"
          class="navds-fieldset__error"
          id="fieldset-error-r1"
        />
      </fieldset>
      <button
        class="_button_498929 navds-button navds-button--primary navds-button--medium"
        type="submit"
      >
        <span
          class="navds-label"
        >
          stegvisning.neste
        </span>
      </button>
      <button
        class="_button_498929 navds-button navds-button--secondary navds-button--medium"
        type="button"
      >
        <span
          class="navds-label"
        >
          stegvisning.tilbake
        </span>
      </button>
      <button
        class="_button_498929 navds-button navds-button--tertiary navds-button--medium"
        type="button"
      >
        <span
          class="navds-label"
        >
          stegvisning.avbryt
        </span>
      </button>
    </form>
  </section>
</DocumentFragment>
`;
