// Vitest Snapshot v1

exports[`App > rendrer slik den skal, med main tag og Heading på riktig nivå 1`] = `
<DocumentFragment>
  <main
    class="_main_bbbd1d"
  >
    <div
      class="_headerGroup_bbbd1d"
    >
      <h1
        class="navds-heading navds-heading--large navds-typo--spacing"
      >
        forside.title
      </h1>
    </div>
    <svg
      aria-labelledby="loader-r0"
      class="navds-loader _loader__isCentered_d51639 navds-loader--3xlarge navds-loader--neutral"
      data-testid="loader"
      focusable="false"
      preserveAspectRatio="xMidYMid"
      viewBox="0 0 50 50"
    >
      <title
        id="loader-r0"
      >
        Henter tidligste mulige uttaksalder
      </title>
      <circle
        class="navds-loader__background"
        cx="25"
        cy="25"
        fill="none"
        r="20"
        xmlns="http://www.w3.org/2000/svg"
      />
      <circle
        class="navds-loader__foreground"
        cx="25"
        cy="25"
        fill="none"
        r="20"
        stroke-dasharray="50 155"
      />
    </svg>
  </main>
</DocumentFragment>
`;
